// Jest Snapshot v1, https://goo.gl/fbAQLP

exports[`Test Auth Screen Should show Books title text 1`] = `/Bookstats/i`;
