// Jest Snapshot v1, https://goo.gl/fbAQLP

exports[`Example Text renders correctly 1`] = `/Snapshot test!/i`;
