// Jest Snapshot v1, https://goo.gl/fbAQLP

exports[`Test Home Screen Should show Bookstats title text 1`] = `/Bookstats/i`;
